About to execute
Thread running
Thread running
Thread running
Main thread exiting
