Waiting
Delegate method
Async callback foo
Sleeping
EndInvoke
Sleeping
Main returns
