Set ID: foo
finalizer thread ID: foo
Aborted!
finalizer thread ID: foo
Aborted!
finalizer thread ID: foo
Aborted!
finalizer thread ID: foo
Aborted!
finalizer thread ID: foo
Aborted!
finalizer thread ID: foo
Aborted!
finalizer thread ID: foo
Aborted!
finalizer thread ID: foo
Aborted!
finalizer thread ID: foo
Aborted!
finalizer thread ID: foo
Aborted!
finalizer thread ID: foo
Aborted!
