Thread running
ThreadAbortException finally
Thread running
Aborting child thread
Main thread returns
Abort reset!
ThreadAbortException finally
Thread running
ThreadAbortException finally
Thread running
ThreadAbortException finally
Thread running
ThreadAbortException finally
