Thread running
ThreadAbortException finally
Thread running
ThreadAbortException finally
Thread running
Main thread returns
