Thread running
Thread running
Thread running
Main thread returns
Thread running
Thread running
